Archive member included because of file (symbol)

C:/NXP/S32DS_ARM_v2.0/S32DS/arm_ewl2/lib/armv7e-m\libc99.a(exit.o)
                              C:/NXP/S32DS_ARM_v2.0/S32DS/arm_ewl2/lib/armv7e-m/__arm_start.o (exit)
C:/NXP/S32DS_ARM_v2.0/S32DS/arm_ewl2/lib/armv7e-m\libc99.a(memset.o)
                              C:/NXP/S32DS_ARM_v2.0/S32DS/arm_ewl2/lib/armv7e-m/__arm_start.o (memset)
C:/NXP/S32DS_ARM_v2.0/S32DS/arm_ewl2/lib/armv7e-m\libc99.a(__filll_mem.o)
                              C:/NXP/S32DS_ARM_v2.0/S32DS/arm_ewl2/lib/armv7e-m\libc99.a(memset.o) (__fill_mem)
C:/NXP/S32DS_ARM_v2.0/S32DS/arm_ewl2/lib/armv7e-m\librt.a(gcc_ctor_dtor.o)
                              C:/NXP/S32DS_ARM_v2.0/S32DS/arm_ewl2/lib/armv7e-m/__arm_start.o (__init_cpp)
C:/NXP/S32DS_ARM_v2.0/S32DS/arm_ewl2/lib/armv7e-m\librt.a(__arm_eabi_init.o)
                              C:/NXP/S32DS_ARM_v2.0/S32DS/arm_ewl2/lib/armv7e-m\libc99.a(exit.o) (__destroy_global_chain)
C:/NXP/S32DS_ARM_v2.0/S32DS/arm_ewl2/lib/armv7e-m\librt.a(ROMCopy.o)
                              C:/NXP/S32DS_ARM_v2.0/S32DS/arm_ewl2/lib/armv7e-m/__arm_start.o (__copy_rom_sections_to_ram)

Allocating common symbols
Common symbol       size              file

GlbPit0Callback     0x4               ./src/Bsw/Mcal/Lpit/Lpit.o
GlbSchMConfig       0x4               ./src/Bsw/Services/SchM/SchM.o
rs_Fg               0x1               ./src/Bsw/Services/SchM/SchM_Tasks.o
SchM_TaskControlBlock
                    0x6               ./src/Bsw/Services/SchM/SchM.o
SchM_SchedulerStatus
                    0x4               ./src/Bsw/Services/SchM/SchM.o
ruw_CounterTime1ms  0x2               ./src/Bsw/Services/SchM/SchM_Tasks.o
rub_WindowLevel     0x1               ./src/Bsw/Services/SchM/SchM_Tasks.o

Discarded input sections

 .text          0x00000000        0x0 C:/NXP/S32DS_ARM_v2.0/S32DS/arm_ewl2/lib/armv7e-m/__arm_start.o
 .data          0x00000000        0x0 C:/NXP/S32DS_ARM_v2.0/S32DS/arm_ewl2/lib/armv7e-m/__arm_start.o
 .bss           0x00000000        0x0 C:/NXP/S32DS_ARM_v2.0/S32DS/arm_ewl2/lib/armv7e-m/__arm_start.o
 .text.__thumb_startup
                0x00000000       0x3c C:/NXP/S32DS_ARM_v2.0/S32DS/arm_ewl2/lib/armv7e-m/__arm_start.o
 .text.__iar_program_start
                0x00000000        0x4 C:/NXP/S32DS_ARM_v2.0/S32DS/arm_ewl2/lib/armv7e-m/__arm_start.o
 .bss.argv      0x00000000        0x4 C:/NXP/S32DS_ARM_v2.0/S32DS/arm_ewl2/lib/armv7e-m/__arm_start.o
 .debug_info    0x00000000      0x144 C:/NXP/S32DS_ARM_v2.0/S32DS/arm_ewl2/lib/armv7e-m/__arm_start.o
 .debug_abbrev  0x00000000       0xc0 C:/NXP/S32DS_ARM_v2.0/S32DS/arm_ewl2/lib/armv7e-m/__arm_start.o
 .debug_aranges
                0x00000000       0x28 C:/NXP/S32DS_ARM_v2.0/S32DS/arm_ewl2/lib/armv7e-m/__arm_start.o
 .debug_line    0x00000000       0x68 C:/NXP/S32DS_ARM_v2.0/S32DS/arm_ewl2/lib/armv7e-m/__arm_start.o
 .debug_str     0x00000000      0x270 C:/NXP/S32DS_ARM_v2.0/S32DS/arm_ewl2/lib/armv7e-m/__arm_start.o
 .comment       0x00000000       0x71 C:/NXP/S32DS_ARM_v2.0/S32DS/arm_ewl2/lib/armv7e-m/__arm_start.o
 .debug_frame   0x00000000       0x30 C:/NXP/S32DS_ARM_v2.0/S32DS/arm_ewl2/lib/armv7e-m/__arm_start.o
 .ARM.attributes
                0x00000000       0x33 C:/NXP/S32DS_ARM_v2.0/S32DS/arm_ewl2/lib/armv7e-m/__arm_start.o
 .group         0x00000000        0x8 ./src/Bsw/Services/SchM/SchM_Tasks.o
 .group         0x00000000        0x8 ./src/Bsw/Services/SchM/SchM_Tasks.o
 .group         0x00000000        0x8 ./src/Bsw/Services/SchM/SchM_Tasks.o
 .group         0x00000000        0x8 ./src/Bsw/Services/SchM/SchM_Tasks.o
 .group         0x00000000        0x8 ./src/Bsw/Services/SchM/SchM_Tasks.o
 .group         0x00000000        0x8 ./src/Bsw/Services/SchM/SchM_Tasks.o
 .group         0x00000000        0x8 ./src/Bsw/Services/SchM/SchM_Tasks.o
 .group         0x00000000        0x8 ./src/Bsw/Services/SchM/SchM_Tasks.o
 .group         0x00000000        0x8 ./src/Bsw/Services/SchM/SchM_Tasks.o
 .group         0x00000000        0x8 ./src/Bsw/Services/SchM/SchM_Tasks.o
 .group         0x00000000        0x8 ./src/Bsw/Services/SchM/SchM_Tasks.o
 .group         0x00000000        0x8 ./src/Bsw/Services/SchM/SchM_Tasks.o
 .group         0x00000000        0x8 ./src/Bsw/Services/SchM/SchM_Tasks.o
 .group         0x00000000        0x8 ./src/Bsw/Services/SchM/SchM_Tasks.o
 .group         0x00000000        0x8 ./src/Bsw/Services/SchM/SchM_Tasks.o
 .group         0x00000000        0x8 ./src/Bsw/Services/SchM/SchM_Tasks.o
 .group         0x00000000        0x8 ./src/Bsw/Services/SchM/SchM_Tasks.o
 .text          0x00000000        0x0 ./src/Bsw/Services/SchM/SchM_Tasks.o
 .data          0x00000000        0x0 ./src/Bsw/Services/SchM/SchM_Tasks.o
 .bss           0x00000000        0x0 ./src/Bsw/Services/SchM/SchM_Tasks.o
 .group         0x00000000        0x8 ./src/Bsw/Services/SchM/SchM_Cfg.o
 .group         0x00000000        0x8 ./src/Bsw/Services/SchM/SchM_Cfg.o
[...]
Memory Configuration

Name             Origin             Length             Attributes
m_interrupts     0x00000000         0x00000400         xr
m_flash_config   0x00000400         0x00000010         xr
m_text           0x00000410         0x0007fbf0         xr
m_data           0x1fff8000         0x00008000         rw
m_data_2         0x20000000         0x00007000         rw
*default*        0x00000000         0xffffffff

Linker script and memory map

LOAD C:/NXP/S32DS_ARM_v2.0/S32DS/arm_ewl2/lib/armv7e-m/__arm_start.o
LOAD ./src/Bsw/Services/SchM/SchM_Tasks.o
LOAD ./src/Bsw/Services/SchM/SchM_Cfg.o
LOAD ./src/Bsw/Services/SchM/SchM.o
LOAD ./src/Bsw/Mef/mef_windowlifter.o
LOAD ./src/Bsw/Mcal/Wdog/Wdog.o
LOAD ./src/Bsw/Mcal/Port/Port.o
LOAD ./src/Bsw/Mcal/Nvic/Nvic.o
LOAD ./src/Bsw/Mcal/Mcu/Mcu.o
LOAD ./src/Bsw/Mcal/Lpit/Lpit.o
LOAD ./src/Bsw/Mcal/Dio/Dio.o
LOAD ./src/Bsw/Hal/hal_windowleds.o
LOAD ./src/Bsw/Hal/hal_indicators.o
LOAD ./src/Bsw/Hal/hal_buttons.o
LOAD ./src/Bsw/App/app_windowcontrol.o
LOAD ./src/Bsw/App/app_indicatorscontrol.o
LOAD ./src/Bsw/App/app_buttonscontrol.o
LOAD ./src/Asw/Entry/Main.o
LOAD ./Project_Settings/Startup_Code/system_S32K144.o
LOAD ./Project_Settings/Startup_Code/startup_S32K144.o
LOAD ./Project_Settings/Startup_Code/startup.o
START GROUP
LOAD C:/NXP/S32DS_ARM_v2.0/S32DS/arm_ewl2/lib/armv7e-m\libc99.a
LOAD C:/NXP/S32DS_ARM_v2.0/S32DS/arm_ewl2/lib/armv7e-m\libm.a
LOAD c:/nxp/s32ds_arm_v2.0/cross_tools/gcc-arm-none-eabi-4_9/bin/../lib/gcc/arm-none-eabi/4.9.3/armv7e-m\libgcc.a
LOAD C:/NXP/S32DS_ARM_v2.0/S32DS/arm_ewl2/lib/armv7e-m\librt.a
END GROUP
LOAD C:/NXP/S32DS_ARM_v2.0/S32DS/arm_ewl2/lib/armv7e-m/__arm_end.o
                0x00000400                HEAP_SIZE = DEFINED (__heap_size__)?__heap_size__:0x400
                0x00000400                STACK_SIZE = DEFINED (__stack_size__)?__stack_size__:0x400
                0x00000400                M_VECTOR_RAM_SIZE = DEFINED (__flash_vector_table__)?0x0:0x400

.interrupts     0x00000000      0x400
                0x00000000                __VECTOR_TABLE = .
                0x00000000                . = ALIGN (0x4)
 *(.isr_vector)
 .isr_vector    0x00000000      0x400 ./Project_Settings/Startup_Code/startup_S32K144.o
                0x00000000                __isr_vector
                0x00000400                . = ALIGN (0x4)

.flash_config   0x00000400       0x10
                0x00000400                . = ALIGN (0x4)
 *(.FlashConfig)
 .FlashConfig   0x00000400       0x10 ./Project_Settings/Startup_Code/startup_S32K144.o
                0x00000410                . = ALIGN (0x4)

.text           0x00000410     0x1100
                0x00000410                . = ALIGN (0x4)
 *(.text)
 .text          0x00000410       0x44 ./Project_Settings/Startup_Code/startup_S32K144.o
                0x00000410                Reset_Handler
                0x00000450                DebugMon_Handler
                0x00000450                Reserved88_IRQHandler
                0x00000450                CAN0_ORed_IRQHandler
                0x00000450                HardFault_Handler
                0x00000450                Reserved86_IRQHandler
                0x00000450                Reserved103_IRQHandler
                0x00000450                SysTick_Handler
                0x00000450                FTM2_Ovf_Reload_IRQHandler
                0x00000450                Reserved50_IRQHandler
                0x00000450                FTFC_Fault_IRQHandler
                0x00000450                FTM0_Ch6_Ch7_IRQHandler
                0x00000450                Reserved114_IRQHandler
                0x00000450                PendSV_Handler
                0x00000450                NMI_Handler
                0x00000450                Reserved89_IRQHandler
                0x00000450                ERM_double_fault_IRQHandler
                0x00000450                DMA2_IRQHandler
                0x00000450                Reserved59_IRQHandler
                0x00000450                Reserved99_IRQHandler
                0x00000450                FTM3_Ch6_Ch7_IRQHandler
                0x00000450                CAN2_ORed_0_15_MB_IRQHandler
                0x00000450                LPIT0_Ch3_IRQHandler
                0x00000450                Reserved92_IRQHandler
                0x00000450                FTM0_Ch4_Ch5_IRQHandler
                0x00000450                CAN1_Error_IRQHandler
                0x00000450                FTM3_Ch0_Ch1_IRQHandler
                0x00000450                SWI_IRQHandler
                0x00000450                ADC0_IRQHandler
                0x00000450                FTM2_Ch4_Ch5_IRQHandler
                0x00000450                UsageFault_Handler
                0x00000450                FTM0_Ovf_Reload_IRQHandler
                0x00000450                DefaultISR
                0x00000450                DMA9_IRQHandler
                0x00000450                Reserved58_IRQHandler
                0x00000450                CAN1_ORed_0_15_MB_IRQHandler
                0x00000450                FTM1_Ch2_Ch3_IRQHandler
                0x00000450                DMA14_IRQHandler
                0x00000450                Reserved82_IRQHandler
                0x00000450                CAN0_ORed_16_31_MB_IRQHandler
                0x00000450                LPI2C0_Slave_IRQHandler
                0x00000450                Reserved71_IRQHandler
                0x00000450                PORTD_IRQHandler
                0x00000450                Reserved69_IRQHandler
                0x00000450                PORTB_IRQHandler
                0x00000450                Reserved70_IRQHandler
                0x00000450                ADC1_IRQHandler
                0x00000450                FTM2_Ch2_Ch3_IRQHandler
                0x00000450                Reserved53_IRQHandler
                0x00000450                DMA5_IRQHandler
                0x00000450                RTC_IRQHandler
                0x00000450                PDB0_IRQHandler
                0x00000450                Reserved54_IRQHandler
                0x00000450                FTM2_Ch6_Ch7_IRQHandler
                0x00000450                FTM3_Ch2_Ch3_IRQHandler
                0x00000450                FTM2_Ch0_Ch1_IRQHandler
                0x00000450                LPSPI1_IRQHandler
                0x00000450                LPUART1_RxTx_IRQHandler
                0x00000450                RTC_Seconds_IRQHandler
                0x00000450                CAN2_ORed_IRQHandler
                0x00000450                Reserved72_IRQHandler
                0x00000450                Reserved110_IRQHandler
                0x00000450                DMA11_IRQHandler
                0x00000450                Reserved107_IRQHandler
                0x00000450                Read_Collision_IRQHandler
                0x00000450                CAN2_Error_IRQHandler
                0x00000450                FTFC_IRQHandler
                0x00000450                DMA7_IRQHandler
                0x00000450                FTM1_Ch6_Ch7_IRQHandler
                0x00000450                Reserved105_IRQHandler
                0x00000450                LPIT0_Ch1_IRQHandler
                0x00000450                FTM1_Ch4_Ch5_IRQHandler
                0x00000450                FTM3_Ovf_Reload_IRQHandler
                0x00000450                LPUART2_RxTx_IRQHandler
                0x00000450                LPSPI0_IRQHandler
                0x00000450                WDOG_EWM_IRQHandler
                0x00000450                MemManage_Handler
                0x00000450                Reserved90_IRQHandler
                0x00000450                Reserved83_IRQHandler
                0x00000450                FTM0_Fault_IRQHandler
                0x00000450                Reserved48_IRQHandler
                0x00000450                SVC_Handler
                0x00000450                ERM_single_fault_IRQHandler
                0x00000450                FTM2_Fault_IRQHandler
                0x00000450                FTM0_Ch2_Ch3_IRQHandler
                0x00000450                DMA13_IRQHandler
                0x00000450                FTM0_Ch0_Ch1_IRQHandler
                0x00000450                FTM3_Fault_IRQHandler
                0x00000450                RCM_IRQHandler
                0x00000450                DMA3_IRQHandler
                0x00000450                Reserved100_IRQHandler
                0x00000450                DMA0_IRQHandler
                0x00000450                Reserved91_IRQHandler
                0x00000450                CAN1_ORed_IRQHandler
                0x00000450                DMA15_IRQHandler
                0x00000450                SCG_IRQHandler
                0x00000450                PDB1_IRQHandler
                0x00000450                Reserved81_IRQHandler
                0x00000450                Reserved46_IRQHandler
                0x00000450                Reserved45_IRQHandler
                0x00000450                CAN0_Error_IRQHandler
                0x00000450                Reserved112_IRQHandler
                0x00000450                LPI2C0_Master_IRQHandler
                0x00000450                DMA4_IRQHandler
                0x00000450                FTM1_Fault_IRQHandler
                0x00000450                Reserved106_IRQHandler
                0x00000450                DMA_Error_IRQHandler
                0x00000450                LVD_LVW_IRQHandler
                0x00000450                LPIT0_Ch2_IRQHandler
                0x00000450                PORTA_IRQHandler
                0x00000450                MCM_IRQHandler
                0x00000450                LPSPI2_IRQHandler
                0x00000450                DMA12_IRQHandler
                0x00000450                FTM3_Ch4_Ch5_IRQHandler
                0x00000450                CAN0_ORed_0_15_MB_IRQHandler
                0x00000450                PORTE_IRQHandler
                0x00000450                LPUART0_RxTx_IRQHandler
                0x00000450                LPTMR0_IRQHandler
                0x00000450                BusFault_Handler
                0x00000450                Reserved87_IRQHandler
                0x00000450                FTM1_Ovf_Reload_IRQHandler
                0x00000450                DMA8_IRQHandler
                0x00000450                Reserved93_IRQHandler
                0x00000450                DMA10_IRQHandler
                0x00000450                CAN0_Wake_Up_IRQHandler
                0x00000450                CMP0_IRQHandler
                0x00000450                Reserved52_IRQHandler
                0x00000450                PORTC_IRQHandler
                0x00000450                DMA6_IRQHandler
                0x00000450                FTM1_Ch0_Ch1_IRQHandler
                0x00000450                FLEXIO_IRQHandler
                0x00000450                DMA1_IRQHandler
                0x00000450                Reserved113_IRQHandler
 *(.text*)
 .text.SchM_1MS_Task
                0x00000454       0x20 ./src/Bsw/Services/SchM/SchM_Tasks.o
                0x00000454                SchM_1MS_Task
 .text.SchM_2MS_Task
                0x00000474        0xc ./src/Bsw/Services/SchM/SchM_Tasks.o
                0x00000474                SchM_2MS_Task
 .text.SchM_OsTick
                0x00000480       0x9c ./src/Bsw/Services/SchM/SchM.o
                0x00000480                SchM_OsTick
 .text.SchM_Background
                0x0000051c       0x70 ./src/Bsw/Services/SchM/SchM.o
                0x0000051c                SchM_Background
 .text.SchM_Init
                0x0000058c       0x58 ./src/Bsw/Services/SchM/SchM.o
                0x0000058c                SchM_Init
 .text.SchM_Start
                0x000005e4       0x18 ./src/Bsw/Services/SchM/SchM.o
                0x000005e4                SchM_Start
 .text.TurnOnOverloadPin
                0x000005fc       0x10 ./src/Bsw/Services/SchM/SchM.o
                0x000005fc                TurnOnOverloadPin
 .text.windowlifter_void_MefWindowLifter
                0x0000060c      0x598 ./src/Bsw/Mef/mef_windowlifter.o
                0x0000060c                windowlifter_void_MefWindowLifter
 .text.WDOG_disable
                0x00000ba4       0x2c ./src/Bsw/Mcal/Wdog/Wdog.o
                0x00000ba4                WDOG_disable
 .text.PORT_init
                0x00000bd0      0x254 ./src/Bsw/Mcal/Port/Port.o
                0x00000bd0                PORT_init
 .text.NVIC_init_IRQs
                0x00000e24       0x2c ./src/Bsw/Mcal/Nvic/Nvic.o
                0x00000e24                NVIC_init_IRQs
 .text.SOSC_init_8MHz
                0x00000e50       0x4c ./src/Bsw/Mcal/Mcu/Mcu.o
                0x00000e50                SOSC_init_8MHz
 .text.SPLL_init_160MHz
                0x00000e9c       0x64 ./src/Bsw/Mcal/Mcu/Mcu.o
                0x00000e9c                SPLL_init_160MHz
 .text.NormalRUNmode_80MHz
                0x00000f00       0x2c ./src/Bsw/Mcal/Mcu/Mcu.o
                0x00000f00                NormalRUNmode_80MHz
 .text.LPIT0_init
                0x00000f2c       0x54 ./src/Bsw/Mcal/Lpit/Lpit.o
                0x00000f2c                LPIT0_init
 .text.LPIT0_Start
                0x00000f80       0x1c ./src/Bsw/Mcal/Lpit/Lpit.o
                0x00000f80                LPIT0_Start
 .text.LPIT0_Ch0_IRQHandler
                0x00000f9c       0x28 ./src/Bsw/Mcal/Lpit/Lpit.o
                0x00000f9c                LPIT0_Ch0_IRQHandler
 .text.Dio_PortSetPin
                0x00000fc4       0x38 ./src/Bsw/Mcal/Dio/Dio.o
                0x00000fc4                Dio_PortSetPin
 .text.Dio_PortClearPin
                0x00000ffc       0x38 ./src/Bsw/Mcal/Dio/Dio.o
                0x00000ffc                Dio_PortClearPin
 .text.Dio_PortGetPin
                0x00001034       0x3c ./src/Bsw/Mcal/Dio/Dio.o
                0x00001034                Dio_PortGetPin
 .text.windowleds_void_openBit_Window
                0x00001070       0x1c ./src/Bsw/Hal/hal_windowleds.o
                0x00001070                windowleds_void_openBit_Window
 .text.windowleds_void_closeBit_Window
                0x0000108c       0x1c ./src/Bsw/Hal/hal_windowleds.o
                0x0000108c                windowleds_void_closeBit_Window
 .text.indicator_void_set_indicator
                0x000010a8       0x1c ./src/Bsw/Hal/hal_indicators.o
                0x000010a8                indicator_void_set_indicator
 .text.indicator_void_clear_indicator
                0x000010c4       0x1c ./src/Bsw/Hal/hal_indicators.o
                0x000010c4                indicator_void_clear_indicator
 .text.buttons_T_UBYTE_get_Button_Value
                0x000010e0       0x24 ./src/Bsw/Hal/hal_buttons.o
                0x000010e0                buttons_T_UBYTE_get_Button_Value
 .text.wc_void_ControlWindowUp
                0x00001104       0xd0 ./src/Bsw/App/app_windowcontrol.o
                0x00001104                wc_void_ControlWindowUp
 .text.wc_void_ControlWindowDown
                0x000011d4       0xd0 ./src/Bsw/App/app_windowcontrol.o
                0x000011d4                wc_void_ControlWindowDown
 .text.wc_WindowDown
                0x000012a4       0x44 ./src/Bsw/App/app_windowcontrol.o
                0x000012a4                wc_WindowDown
 .text.wc_WindowUp
                0x000012e8       0x44 ./src/Bsw/App/app_windowcontrol.o
                0x000012e8                wc_WindowUp
 .text.ic_void_onIndicator_Up
                0x0000132c       0x10 ./src/Bsw/App/app_indicatorscontrol.o
                0x0000132c                ic_void_onIndicator_Up
 .text.ic_void_offIndicator_Up
                0x0000133c       0x10 ./src/Bsw/App/app_indicatorscontrol.o
                0x0000133c                ic_void_offIndicator_Up
 .text.ic_void_onIndicator_Down
                0x0000134c       0x10 ./src/Bsw/App/app_indicatorscontrol.o
                0x0000134c                ic_void_onIndicator_Down
 .text.ic_void_offIndicator_Down
                0x0000135c       0x10 ./src/Bsw/App/app_indicatorscontrol.o
                0x0000135c                ic_void_offIndicator_Down
 .text.bc_T_UBYTE_statusButt_Up
                0x0000136c       0x14 ./src/Bsw/App/app_buttonscontrol.o
                0x0000136c                bc_T_UBYTE_statusButt_Up
 .text.bc_T_UBYTE_statusButt_Down
                0x00001380       0x14 ./src/Bsw/App/app_buttonscontrol.o
                0x00001380                bc_T_UBYTE_statusButt_Down
 .text.bc_T_UBYTE_statusButt_AntiP
                0x00001394       0x14 ./src/Bsw/App/app_buttonscontrol.o
                0x00001394                bc_T_UBYTE_statusButt_AntiP
 .text.main     0x000013a8       0x2c ./src/Asw/Entry/Main.o
                0x000013a8                main
 .text.SystemInit
                0x000013d4       0x30 ./Project_Settings/Startup_Code/system_S32K144.o
                0x000013d4                SystemInit
 .text.init_data_bss
                0x00001404       0xf4 ./Project_Settings/Startup_Code/startup.o
                0x00001404                init_data_bss
 *(.rodata)
 *(.rodata*)
 .rodata.SchedulerConfig
                0x000014f8        0x8 ./src/Bsw/Services/SchM/SchM_Cfg.o
                0x000014f8                SchedulerConfig
 .rodata.TaskDescriptor
                0x00001500       0x10 ./src/Bsw/Services/SchM/SchM_Cfg.o
                0x00001500                TaskDescriptor
 *(.glue_7)
 .glue_7        0x00000000        0x0 linker stubs
 *(.glue_7t)
 .glue_7t       0x00000000        0x0 linker stubs
 *(.eh_frame)
 *(.init)
 *(.fini)
                0x00001510                . = ALIGN (0x4)

.vfp11_veneer   0x00001510        0x0
 .vfp11_veneer  0x00000000        0x0 linker stubs

.v4_bx          0x00001510        0x0
 .v4_bx         0x00000000        0x0 linker stubs

.iplt           0x00001510        0x0
 .iplt          0x00000000        0x0 C:/NXP/S32DS_ARM_v2.0/S32DS/arm_ewl2/lib/armv7e-m/__arm_start.o

.rel.dyn        0x00001510        0x0
 .rel.iplt      0x00000000        0x0 C:/NXP/S32DS_ARM_v2.0/S32DS/arm_ewl2/lib/armv7e-m/__arm_start.o

.ARM.extab
 *(.ARM.extab* .gnu.linkonce.armextab.*)

.ARM            0x00001510        0x0
                0x00001510                __exidx_start = .
 *(.ARM.exidx*)
                0x00001510                __exidx_end = .

.ctors          0x00001510        0x0
                0x00001510                __CTOR_LIST__ = .
 *crtbegin.o(.ctors)
 *crtbegin?.o(.ctors)
 *(EXCLUDE_FILE(*crtend.o *crtend?.o) .ctors)
 *(SORT(.ctors.*))
 *(.ctors)
                0x00001510                __CTOR_END__ = .

.dtors          0x00001510        0x0
                0x00001510                __DTOR_LIST__ = .
 *crtbegin.o(.dtors)
 *crtbegin?.o(.dtors)
 *(EXCLUDE_FILE(*crtend.o *crtend?.o) .dtors)
 *(SORT(.dtors.*))
 *(.dtors)
                0x00001510                __DTOR_END__ = .

.preinit_array  0x00001510        0x0
                0x00001510                PROVIDE (__preinit_array_start, .)
 *(.preinit_array*)
                0x00001510                PROVIDE (__preinit_array_end, .)

.init_array     0x00001510        0x0
                0x00001510                PROVIDE (__init_array_start, .)
 *(SORT(.init_array.*))
 *(.init_array*)
                0x00001510                PROVIDE (__init_array_end, .)

.fini_array     0x00001510        0x0
                0x00001510                PROVIDE (__fini_array_start, .)
 *(SORT(.fini_array.*))
 *(.fini_array*)
                0x00001510                PROVIDE (__fini_array_end, .)
                0x00001510                __etext = .
                0x00001510                __DATA_ROM = .

.interrupts_ram
                0x1fff8000      0x400
                0x1fff8000                . = ALIGN (0x4)
                0x1fff8000                __VECTOR_RAM__ = .
                0x1fff8000                __interrupts_ram_start__ = .
 *(.m_interrupts_ram)
                0x1fff8400                . = (. + M_VECTOR_RAM_SIZE)
 *fill*         0x1fff8000      0x400 
                0x1fff8400                . = ALIGN (0x4)
                0x1fff8400                __interrupts_ram_end__ = .
                0x1fff8000                __VECTOR_RAM = DEFINED (__flash_vector_table__)?ORIGIN (m_interrupts):__VECTOR_RAM__
                0x00000400                __RAM_VECTOR_TABLE_SIZE = DEFINED (__flash_vector_table__)?0x0:(__interrupts_ram_end__ - __interrupts_ram_start__)

.data           0x1fff8400       0x14 load address 0x00001510
                0x1fff8400                . = ALIGN (0x4)
                0x1fff8400                __DATA_RAM = .
                0x1fff8400                __data_start__ = .
 *(.data)
 *(.data*)
 .data.Port     0x1fff8400       0x14 ./src/Bsw/Mcal/Dio/Dio.o
                0x1fff8400                Port
 *(.jcr*)
                0x1fff8414                . = ALIGN (0x4)
                0x1fff8414                __data_end__ = .
                0x00001524                __DATA_END = (__DATA_ROM + (__data_end__ - __data_start__))
                0x00001524                __CODE_ROM = __DATA_END

.igot.plt       0x1fff8414        0x0 load address 0x00001524
 .igot.plt      0x00000000        0x0 C:/NXP/S32DS_ARM_v2.0/S32DS/arm_ewl2/lib/armv7e-m/__arm_start.o

.code           0x1fff8414        0x0 load address 0x00001524
                0x1fff8414                . = ALIGN (0x4)
                0x1fff8414                __CODE_RAM = .
                0x1fff8414                __code_start__ = .
 *(.code_ram)
                0x1fff8414                . = ALIGN (0x4)
                0x1fff8414                __code_end__ = .
                0x00001524                __CODE_END = (__CODE_ROM + (__code_end__ - __code_start__))

.customSectionBlock
 *(.customSection)

.bss            0x20000000       0x20
                0x20000000                . = ALIGN (0x4)
                0x20000000                __BSS_START = .
                0x20000000                __bss_start__ = .
 *(.bss)
 *(.bss*)
 .bss.FlagsScheduler
                0x20000000        0x1 ./src/Bsw/Services/SchM/SchM.o
                0x20000000                FlagsScheduler
 .bss.rub_State.4195
                0x20000001        0x1 ./src/Bsw/Mef/mef_windowlifter.o
 *(COMMON)
 *fill*         0x20000002        0x2 
 COMMON         0x20000004        0x5 ./src/Bsw/Services/SchM/SchM_Tasks.o
                0x20000004                rs_Fg
                0x20000006                ruw_CounterTime1ms
                0x20000008                rub_WindowLevel
 *fill*         0x20000009        0x3 
 COMMON         0x2000000c       0x10 ./src/Bsw/Services/SchM/SchM.o
                0x2000000c                GlbSchMConfig
                0x20000010                SchM_TaskControlBlock
                0x20000018                SchM_SchedulerStatus
 COMMON         0x2000001c        0x4 ./src/Bsw/Mcal/Lpit/Lpit.o
                0x2000001c                GlbPit0Callback
                0x20000020                . = ALIGN (0x4)
                0x20000020                __bss_end__ = .
                0x20000020                __BSS_END = .

.heap           0x20000020      0x400
                0x20000020                . = ALIGN (0x8)
                0x20000020                __end__ = .
                0x20000020                PROVIDE (end, .)
                0x20000020                PROVIDE (_end, .)
                0x20000020                PROVIDE (__end, .)
                0x20000020                __HeapBase = .
                0x20000420                . = (. + HEAP_SIZE)
 *fill*         0x20000020      0x400 
                0x20000420                __HeapLimit = .
                0x20000420                __heap_limit = .

.stack          0x20000420      0x400
                0x20000420                . = ALIGN (0x8)
                0x20000820                . = (. + STACK_SIZE)
 *fill*         0x20000420      0x400 
                0x20007000                __StackTop = (ORIGIN (m_data_2) + 0x7000)
                0x20006c00                __StackLimit = (__StackTop - STACK_SIZE)
                0x20007000                PROVIDE (__stack, __StackTop)

.ARM.attributes
                0x00000000       0x31
 *(.ARM.attributes)
 .ARM.attributes
                0x00000000       0x33 ./src/Bsw/Services/SchM/SchM_Tasks.o
 .ARM.attributes
                0x00000033       0x33 ./src/Bsw/Services/SchM/SchM_Cfg.o
 .ARM.attributes
                0x00000066       0x33 ./src/Bsw/Services/SchM/SchM.o
 .ARM.attributes
                0x00000099       0x33 ./src/Bsw/Mef/mef_windowlifter.o
 .ARM.attributes
                0x000000cc       0x33 ./src/Bsw/Mcal/Wdog/Wdog.o
 .ARM.attributes
                0x000000ff       0x33 ./src/Bsw/Mcal/Port/Port.o
 .ARM.attributes
                0x00000132       0x33 ./src/Bsw/Mcal/Nvic/Nvic.o
 .ARM.attributes
                0x00000165       0x33 ./src/Bsw/Mcal/Mcu/Mcu.o
 .ARM.attributes
                0x00000198       0x33 ./src/Bsw/Mcal/Lpit/Lpit.o
 .ARM.attributes
                0x000001cb       0x33 ./src/Bsw/Mcal/Dio/Dio.o
 .ARM.attributes
                0x000001fe       0x33 ./src/Bsw/Hal/hal_windowleds.o
 .ARM.attributes
                0x00000231       0x33 ./src/Bsw/Hal/hal_indicators.o
 .ARM.attributes
                0x00000264       0x33 ./src/Bsw/Hal/hal_buttons.o
 .ARM.attributes
                0x00000297       0x33 ./src/Bsw/App/app_windowcontrol.o
 .ARM.attributes
                0x000002ca       0x33 ./src/Bsw/App/app_indicatorscontrol.o
 .ARM.attributes
                0x000002fd       0x33 ./src/Bsw/App/app_buttonscontrol.o
 .ARM.attributes
                0x00000330       0x33 ./src/Asw/Entry/Main.o
 .ARM.attributes
                0x00000363       0x33 ./Project_Settings/Startup_Code/system_S32K144.o
 .ARM.attributes
                0x00000396       0x1b ./Project_Settings/Startup_Code/startup_S32K144.o
 .ARM.attributes
                0x000003b1       0x33 ./Project_Settings/Startup_Code/startup.o
                0x00000001                ASSERT ((__StackLimit >= __HeapLimit), region m_data_2 overflowed with stack and heap)
OUTPUT(Scheduler.elf elf32-littlearm)

.debug_info     0x00000000     0x2638
 .debug_info    0x00000000      0x171 ./src/Bsw/Services/SchM/SchM_Tasks.o
 .debug_info    0x00000171      0x277 ./src/Bsw/Services/SchM/SchM_Cfg.o
 .debug_info    0x000003e8      0x3d2 ./src/Bsw/Services/SchM/SchM.o
 .debug_info    0x000007ba      0x1ac ./src/Bsw/Mef/mef_windowlifter.o
 .debug_info    0x00000966       0xe1 ./src/Bsw/Mcal/Wdog/Wdog.o
 .debug_info    0x00000a47      0x212 ./src/Bsw/Mcal/Port/Port.o
 .debug_info    0x00000c59      0x1da ./src/Bsw/Mcal/Nvic/Nvic.o
 .debug_info    0x00000e33      0x269 ./src/Bsw/Mcal/Mcu/Mcu.o
 .debug_info    0x0000109c      0x233 ./src/Bsw/Mcal/Lpit/Lpit.o
 .debug_info    0x000012cf      0x222 ./src/Bsw/Mcal/Dio/Dio.o
 .debug_info    0x000014f1      0x10d ./src/Bsw/Hal/hal_windowleds.o
 .debug_info    0x000015fe      0x10d ./src/Bsw/Hal/hal_indicators.o
 .debug_info    0x0000170b       0xfc ./src/Bsw/Hal/hal_buttons.o
 .debug_info    0x00001807      0x164 ./src/Bsw/App/app_windowcontrol.o
 .debug_info    0x0000196b       0xdb ./src/Bsw/App/app_indicatorscontrol.o
 .debug_info    0x00001a46       0xe6 ./src/Bsw/App/app_buttonscontrol.o
 .debug_info    0x00001b2c      0x198 ./src/Asw/Entry/Main.o
 .debug_info    0x00001cc4      0x500 ./Project_Settings/Startup_Code/system_S32K144.o
 .debug_info    0x000021c4       0x89 ./Project_Settings/Startup_Code/startup_S32K144.o
 .debug_info    0x0000224d      0x3eb ./Project_Settings/Startup_Code/startup.o

.debug_abbrev   0x00000000      0xe11
 .debug_abbrev  0x00000000       0xa4 ./src/Bsw/Services/SchM/SchM_Tasks.o
 .debug_abbrev  0x000000a4       0xbe ./src/Bsw/Services/SchM/SchM_Cfg.o
 .debug_abbrev  0x00000162      0x112 ./src/Bsw/Services/SchM/SchM.o
 .debug_abbrev  0x00000274       0xcb ./src/Bsw/Mef/mef_windowlifter.o
 .debug_abbrev  0x0000033f       0x91 ./src/Bsw/Mcal/Wdog/Wdog.o
 .debug_abbrev  0x000003d0       0xb7 ./src/Bsw/Mcal/Port/Port.o
 .debug_abbrev  0x00000487       0xbb ./src/Bsw/Mcal/Nvic/Nvic.o
 .debug_abbrev  0x00000542       0xc2 ./src/Bsw/Mcal/Mcu/Mcu.o
 .debug_abbrev  0x00000604      0x119 ./src/Bsw/Mcal/Lpit/Lpit.o
 .debug_abbrev  0x0000071d       0xf8 ./src/Bsw/Mcal/Dio/Dio.o
 .debug_abbrev  0x00000815       0x91 ./src/Bsw/Hal/hal_windowleds.o
 .debug_abbrev  0x000008a6       0x91 ./src/Bsw/Hal/hal_indicators.o
 .debug_abbrev  0x00000937       0x96 ./src/Bsw/Hal/hal_buttons.o
 .debug_abbrev  0x000009cd       0x9a ./src/Bsw/App/app_windowcontrol.o
 .debug_abbrev  0x00000a67       0x59 ./src/Bsw/App/app_indicatorscontrol.o
 .debug_abbrev  0x00000ac0       0x6f ./src/Bsw/App/app_buttonscontrol.o
 .debug_abbrev  0x00000b2f       0xb5 ./src/Asw/Entry/Main.o
 .debug_abbrev  0x00000be4      0x118 ./Project_Settings/Startup_Code/system_S32K144.o
 .debug_abbrev  0x00000cfc       0x14 ./Project_Settings/Startup_Code/startup_S32K144.o
 .debug_abbrev  0x00000d10      0x101 ./Project_Settings/Startup_Code/startup.o

.debug_aranges  0x00000000      0x358
 .debug_aranges
                0x00000000       0x28 ./src/Bsw/Services/SchM/SchM_Tasks.o
 .debug_aranges
                0x00000028       0x18 ./src/Bsw/Services/SchM/SchM_Cfg.o
 .debug_aranges
                0x00000040       0x58 ./src/Bsw/Services/SchM/SchM.o
 .debug_aranges
                0x00000098       0x20 ./src/Bsw/Mef/mef_windowlifter.o
 .debug_aranges
                0x000000b8       0x20 ./src/Bsw/Mcal/Wdog/Wdog.o
 .debug_aranges
                0x000000d8       0x20 ./src/Bsw/Mcal/Port/Port.o
 .debug_aranges
                0x000000f8       0x20 ./src/Bsw/Mcal/Nvic/Nvic.o
 .debug_aranges
                0x00000118       0x30 ./src/Bsw/Mcal/Mcu/Mcu.o
 .debug_aranges
                0x00000148       0x38 ./src/Bsw/Mcal/Lpit/Lpit.o
 .debug_aranges
                0x00000180       0x38 ./src/Bsw/Mcal/Dio/Dio.o
 .debug_aranges
                0x000001b8       0x28 ./src/Bsw/Hal/hal_windowleds.o
 .debug_aranges
                0x000001e0       0x28 ./src/Bsw/Hal/hal_indicators.o
 .debug_aranges
                0x00000208       0x20 ./src/Bsw/Hal/hal_buttons.o
 .debug_aranges
                0x00000228       0x38 ./src/Bsw/App/app_windowcontrol.o
 .debug_aranges
                0x00000260       0x38 ./src/Bsw/App/app_indicatorscontrol.o
 .debug_aranges
                0x00000298       0x30 ./src/Bsw/App/app_buttonscontrol.o
 .debug_aranges
                0x000002c8       0x20 ./src/Asw/Entry/Main.o
 .debug_aranges
                0x000002e8       0x30 ./Project_Settings/Startup_Code/system_S32K144.o
 .debug_aranges
                0x00000318       0x20 ./Project_Settings/Startup_Code/startup_S32K144.o
 .debug_aranges
                0x00000338       0x20 ./Project_Settings/Startup_Code/startup.o

.debug_ranges   0x00000000      0x200
 .debug_ranges  0x00000000       0x18 ./src/Bsw/Services/SchM/SchM_Tasks.o
 .debug_ranges  0x00000018       0x48 ./src/Bsw/Services/SchM/SchM.o
 .debug_ranges  0x00000060       0x10 ./src/Bsw/Mef/mef_windowlifter.o
 .debug_ranges  0x00000070       0x10 ./src/Bsw/Mcal/Wdog/Wdog.o
 .debug_ranges  0x00000080       0x10 ./src/Bsw/Mcal/Port/Port.o
 .debug_ranges  0x00000090       0x10 ./src/Bsw/Mcal/Nvic/Nvic.o
 .debug_ranges  0x000000a0       0x20 ./src/Bsw/Mcal/Mcu/Mcu.o
 .debug_ranges  0x000000c0       0x28 ./src/Bsw/Mcal/Lpit/Lpit.o
 .debug_ranges  0x000000e8       0x28 ./src/Bsw/Mcal/Dio/Dio.o
 .debug_ranges  0x00000110       0x18 ./src/Bsw/Hal/hal_windowleds.o
 .debug_ranges  0x00000128       0x18 ./src/Bsw/Hal/hal_indicators.o
 .debug_ranges  0x00000140       0x10 ./src/Bsw/Hal/hal_buttons.o
 .debug_ranges  0x00000150       0x28 ./src/Bsw/App/app_windowcontrol.o
 .debug_ranges  0x00000178       0x28 ./src/Bsw/App/app_indicatorscontrol.o
 .debug_ranges  0x000001a0       0x20 ./src/Bsw/App/app_buttonscontrol.o
 .debug_ranges  0x000001c0       0x10 ./src/Asw/Entry/Main.o
 .debug_ranges  0x000001d0       0x20 ./Project_Settings/Startup_Code/system_S32K144.o
 .debug_ranges  0x000001f0       0x10 ./Project_Settings/Startup_Code/startup.o

.debug_macro    0x00000000    0x10bbb
 .debug_macro   0x00000000      0x102 ./src/Bsw/Services/SchM/SchM_Tasks.o
 .debug_macro   0x00000102      0x868 ./src/Bsw/Services/SchM/SchM_Tasks.o
 .debug_macro   0x0000096a       0x52 ./src/Bsw/Services/SchM/SchM_Tasks.o
 .debug_macro   0x000009bc       0xa0 ./src/Bsw/Services/SchM/SchM_Tasks.o
 .debug_macro   0x00000a5c       0x16 ./src/Bsw/Services/SchM/SchM_Tasks.o
 .debug_macro   0x00000a72       0x64 ./src/Bsw/Services/SchM/SchM_Tasks.o
 .debug_macro   0x00000ad6      0x185 ./src/Bsw/Services/SchM/SchM_Tasks.o
 .debug_macro   0x00000c5b      0x140 ./src/Bsw/Services/SchM/SchM_Tasks.o
 .debug_macro   0x00000d9b       0x9d ./src/Bsw/Services/SchM/SchM_Tasks.o
 .debug_macro   0x00000e38       0x10 ./src/Bsw/Services/SchM/SchM_Tasks.o
 .debug_macro   0x00000e48      0x15b ./src/Bsw/Services/SchM/SchM_Tasks.o
 .debug_macro   0x00000fa3       0x28 ./src/Bsw/Services/SchM/SchM_Tasks.o
 .debug_macro   0x00000fcb       0x58 ./src/Bsw/Services/SchM/SchM_Tasks.o
 .debug_macro   0x00001023       0x1c ./src/Bsw/Services/SchM/SchM_Tasks.o
 .debug_macro   0x0000103f       0x16 ./src/Bsw/Services/SchM/SchM_Tasks.o
 .debug_macro   0x00001055       0x52 ./src/Bsw/Services/SchM/SchM_Tasks.o
 .debug_macro   0x000010a7       0x8e ./src/Bsw/Services/SchM/SchM_Tasks.o
 .debug_macro   0x00001135       0x1c ./src/Bsw/Services/SchM/SchM_Tasks.o
 .debug_macro   0x00001151      0x11f ./src/Bsw/Services/SchM/SchM_Cfg.o
 .debug_macro   0x00001270       0x3a ./src/Bsw/Services/SchM/SchM_Cfg.o
 .debug_macro   0x000012aa       0xf0 ./src/Bsw/Services/SchM/SchM.o
 .debug_macro   0x0000139a       0x19 ./src/Bsw/Services/SchM/SchM.o
 .debug_macro   0x000013b3     0xdf8d ./src/Bsw/Services/SchM/SchM.o
 .debug_macro   0x0000f340       0x10 ./src/Bsw/Services/SchM/SchM.o
 .debug_macro   0x0000f350       0xf9 ./src/Bsw/Mef/mef_windowlifter.o
 .debug_macro   0x0000f449       0x16 ./src/Bsw/Mef/mef_windowlifter.o
 .debug_macro   0x0000f45f       0xc3 ./src/Bsw/Mcal/Wdog/Wdog.o
 .debug_macro   0x0000f522       0xc8 ./src/Bsw/Mcal/Port/Port.o
 .debug_macro   0x0000f5ea       0x6a ./src/Bsw/Mcal/Port/Port.o
 .debug_macro   0x0000f654       0xc3 ./src/Bsw/Mcal/Nvic/Nvic.o
 .debug_macro   0x0000f717       0xc3 ./src/Bsw/Mcal/Mcu/Mcu.o
 .debug_macro   0x0000f7da       0xc3 ./src/Bsw/Mcal/Lpit/Lpit.o
 .debug_macro   0x0000f89d       0xc3 ./src/Bsw/Mcal/Dio/Dio.o
 .debug_macro   0x0000f960       0xc0 ./src/Bsw/Hal/hal_windowleds.o
 .debug_macro   0x0000fa20       0x4c ./src/Bsw/Hal/hal_windowleds.o
 .debug_macro   0x0000fa6c       0xc0 ./src/Bsw/Hal/hal_indicators.o
 .debug_macro   0x0000fb2c       0x10 ./src/Bsw/Hal/hal_indicators.o
 .debug_macro   0x0000fb3c       0xc0 ./src/Bsw/Hal/hal_buttons.o
 .debug_macro   0x0000fbfc       0xc4 ./src/Bsw/App/app_windowcontrol.o
 .debug_macro   0x0000fcc0       0xca ./src/Bsw/App/app_indicatorscontrol.o
 .debug_macro   0x0000fd8a       0xca ./src/Bsw/App/app_buttonscontrol.o
 .debug_macro   0x0000fe54       0xeb ./src/Asw/Entry/Main.o
 .debug_macro   0x0000ff3f       0x70 ./src/Asw/Entry/Main.o
 .debug_macro   0x0000ffaf       0xe9 ./Project_Settings/Startup_Code/system_S32K144.o
 .debug_macro   0x00010098       0x10 ./Project_Settings/Startup_Code/system_S32K144.o
 .debug_macro   0x000100a8       0x6d ./Project_Settings/Startup_Code/system_S32K144.o
 .debug_macro   0x00010115      0x978 ./Project_Settings/Startup_Code/system_S32K144.o
 .debug_macro   0x00010a8d       0x22 ./Project_Settings/Startup_Code/system_S32K144.o
 .debug_macro   0x00010aaf       0x22 ./Project_Settings/Startup_Code/system_S32K144.o
 .debug_macro   0x00010ad1       0xea ./Project_Settings/Startup_Code/startup.o

.debug_line     0x00000000     0x3356
 .debug_line    0x00000000      0x368 ./src/Bsw/Services/SchM/SchM_Tasks.o
 .debug_line    0x00000368      0x36a ./src/Bsw/Services/SchM/SchM_Cfg.o
 .debug_line    0x000006d2      0x387 ./src/Bsw/Services/SchM/SchM.o
 .debug_line    0x00000a59      0x439 ./src/Bsw/Mef/mef_windowlifter.o
 .debug_line    0x00000e92      0x21b ./src/Bsw/Mcal/Wdog/Wdog.o
 .debug_line    0x000010ad      0x24c ./src/Bsw/Mcal/Port/Port.o
 .debug_line    0x000012f9      0x21b ./src/Bsw/Mcal/Nvic/Nvic.o
 .debug_line    0x00001514      0x26f ./src/Bsw/Mcal/Mcu/Mcu.o
 .debug_line    0x00001783      0x256 ./src/Bsw/Mcal/Lpit/Lpit.o
 .debug_line    0x000019d9      0x254 ./src/Bsw/Mcal/Dio/Dio.o
 .debug_line    0x00001c2d      0x231 ./src/Bsw/Hal/hal_windowleds.o
 .debug_line    0x00001e5e      0x231 ./src/Bsw/Hal/hal_indicators.o
 .debug_line    0x0000208f      0x219 ./src/Bsw/Hal/hal_buttons.o
 .debug_line    0x000022a8      0x2cb ./src/Bsw/App/app_windowcontrol.o
 .debug_line    0x00002573      0x2ab ./src/Bsw/App/app_indicatorscontrol.o
 .debug_line    0x0000281e      0x290 ./src/Bsw/App/app_buttonscontrol.o
 .debug_line    0x00002aae      0x340 ./src/Asw/Entry/Main.o
 .debug_line    0x00002dee      0x290 ./Project_Settings/Startup_Code/system_S32K144.o
 .debug_line    0x0000307e       0x83 ./Project_Settings/Startup_Code/startup_S32K144.o
 .debug_line    0x00003101      0x255 ./Project_Settings/Startup_Code/startup.o

.debug_str      0x00000000    0x633a6
 .debug_str     0x00000000     0x42a2 ./src/Bsw/Services/SchM/SchM_Tasks.o
                               0x4326 (size before relaxing)
 .debug_str     0x000042a2      0x20e ./src/Bsw/Services/SchM/SchM_Cfg.o
                               0x44f2 (size before relaxing)
 .debug_str     0x000044b0    0x59f00 ./src/Bsw/Services/SchM/SchM.o
                              0x5e0dd (size before relaxing)
 .debug_str     0x0005e3b0       0xc6 ./src/Bsw/Mef/mef_windowlifter.o
                               0x435c (size before relaxing)
 .debug_str     0x0005e476       0x50 ./src/Bsw/Mcal/Wdog/Wdog.o
                              0x5dcb4 (size before relaxing)
 .debug_str     0x0005e4c6       0xc0 ./src/Bsw/Mcal/Port/Port.o
                              0x5de1f (size before relaxing)
 .debug_str     0x0005e586       0x9a ./src/Bsw/Mcal/Nvic/Nvic.o
                              0x5dd1c (size before relaxing)
 .debug_str     0x0005e620       0xf2 ./src/Bsw/Mcal/Mcu/Mcu.o
                              0x5dd95 (size before relaxing)
 .debug_str     0x0005e712       0x90 ./src/Bsw/Mcal/Lpit/Lpit.o
                              0x5dd57 (size before relaxing)
 .debug_str     0x0005e7a2       0x76 ./src/Bsw/Mcal/Dio/Dio.o
                              0x5dd4e (size before relaxing)
 .debug_str     0x0005e818       0x5f ./src/Bsw/Hal/hal_windowleds.o
                               0x4157 (size before relaxing)
 .debug_str     0x0005e877       0x5c ./src/Bsw/Hal/hal_indicators.o
                               0x40bf (size before relaxing)
 .debug_str     0x0005e8d3       0x3e ./src/Bsw/Hal/hal_buttons.o
                               0x40c3 (size before relaxing)
 .debug_str     0x0005e911       0x8a ./src/Bsw/App/app_windowcontrol.o
                               0x417e (size before relaxing)
 .debug_str     0x0005e99b       0x89 ./src/Bsw/App/app_indicatorscontrol.o
                               0x40dd (size before relaxing)
 .debug_str     0x0005ea24       0x74 ./src/Bsw/App/app_buttonscontrol.o
                               0x40d8 (size before relaxing)
 .debug_str     0x0005ea98       0x1d ./src/Asw/Entry/Main.o
                               0x431a (size before relaxing)
 .debug_str     0x0005eab5     0x47d1 ./Project_Settings/Startup_Code/system_S32K144.o
                              0x624e0 (size before relaxing)
 .debug_str     0x00063286      0x120 ./Project_Settings/Startup_Code/startup.o
                              0x62417 (size before relaxing)

.comment        0x00000000       0x70
 .comment       0x00000000       0x70 ./src/Bsw/Services/SchM/SchM_Tasks.o
                                 0x71 (size before relaxing)
 .comment       0x00000000       0x71 ./src/Bsw/Services/SchM/SchM_Cfg.o
 .comment       0x00000000       0x71 ./src/Bsw/Services/SchM/SchM.o
 .comment       0x00000000       0x71 ./src/Bsw/Mef/mef_windowlifter.o
 .comment       0x00000000       0x71 ./src/Bsw/Mcal/Wdog/Wdog.o
 .comment       0x00000000       0x71 ./src/Bsw/Mcal/Port/Port.o
 .comment       0x00000000       0x71 ./src/Bsw/Mcal/Nvic/Nvic.o
 .comment       0x00000000       0x71 ./src/Bsw/Mcal/Mcu/Mcu.o
 .comment       0x00000000       0x71 ./src/Bsw/Mcal/Lpit/Lpit.o
 .comment       0x00000000       0x71 ./src/Bsw/Mcal/Dio/Dio.o
 .comment       0x00000000       0x71 ./src/Bsw/Hal/hal_windowleds.o
 .comment       0x00000000       0x71 ./src/Bsw/Hal/hal_indicators.o
 .comment       0x00000000       0x71 ./src/Bsw/Hal/hal_buttons.o
 .comment       0x00000000       0x71 ./src/Bsw/App/app_windowcontrol.o
 .comment       0x00000000       0x71 ./src/Bsw/App/app_indicatorscontrol.o
 .comment       0x00000000       0x71 ./src/Bsw/App/app_buttonscontrol.o
 .comment       0x00000000       0x71 ./src/Asw/Entry/Main.o
 .comment       0x00000000       0x71 ./Project_Settings/Startup_Code/system_S32K144.o
 .comment       0x00000000       0x71 ./Project_Settings/Startup_Code/startup.o

.debug_frame    0x00000000      0x71c
 .debug_frame   0x00000000       0x4c ./src/Bsw/Services/SchM/SchM_Tasks.o
 .debug_frame   0x0000004c      0x104 ./src/Bsw/Services/SchM/SchM.o
 .debug_frame   0x00000150       0x38 ./src/Bsw/Mef/mef_windowlifter.o
 .debug_frame   0x00000188       0x30 ./src/Bsw/Mcal/Wdog/Wdog.o
 .debug_frame   0x000001b8       0x34 ./src/Bsw/Mcal/Port/Port.o
 .debug_frame   0x000001ec       0x30 ./src/Bsw/Mcal/Nvic/Nvic.o
 .debug_frame   0x0000021c       0x70 ./src/Bsw/Mcal/Mcu/Mcu.o
 .debug_frame   0x0000028c       0x94 ./src/Bsw/Mcal/Lpit/Lpit.o
 .debug_frame   0x00000320       0xb0 ./src/Bsw/Mcal/Dio/Dio.o
 .debug_frame   0x000003d0       0x58 ./src/Bsw/Hal/hal_windowleds.o
 .debug_frame   0x00000428       0x58 ./src/Bsw/Hal/hal_indicators.o
 .debug_frame   0x00000480       0x34 ./src/Bsw/Hal/hal_buttons.o
 .debug_frame   0x000004b4       0xa0 ./src/Bsw/App/app_windowcontrol.o
 .debug_frame   0x00000554       0x80 ./src/Bsw/App/app_indicatorscontrol.o
 .debug_frame   0x000005d4       0x64 ./src/Bsw/App/app_buttonscontrol.o
 .debug_frame   0x00000638       0x2c ./src/Asw/Entry/Main.o
 .debug_frame   0x00000664       0x80 ./Project_Settings/Startup_Code/system_S32K144.o
 .debug_frame   0x000006e4       0x38 ./Project_Settings/Startup_Code/startup.o
